[slimhamdi.net/lina/demos/index-dark.html]
[backblue.gif]
[fade.gif]
[index.html]
[slimhamdi.net/lina/demos/css/font-awesome.min.css]
[slimhamdi.net/lina/demos/css/jquery.animatedheadline.css]
[slimhamdi.net/lina/demos/css/materialize.min.css]
[slimhamdi.net/lina/demos/css/style.css]
[slimhamdi.net/lina/demos/css/skins/yellow.css]
[slimhamdi.net/lina/demos/css/skins/blue.css]
[slimhamdi.net/lina/demos/css/skins/blueviolet.css]
[slimhamdi.net/lina/demos/css/skins/goldrenrod.css]
[slimhamdi.net/lina/demos/css/skins/green.css]
[slimhamdi.net/lina/demos/css/skins/magenta.css]
[slimhamdi.net/lina/demos/css/skins/orange.css]
[slimhamdi.net/lina/demos/css/skins/purple.css]
[slimhamdi.net/lina/demos/css/skins/red.css]
[slimhamdi.net/lina/demos/css/skins/yellowgreen.css]
[slimhamdi.net/lina/demos/css/styleswitcher.css]
[slimhamdi.net/lina/demos/js/modernizr.custom.js]
[slimhamdi.net/lina/demos/images/styleswitcher/purple.png]
[slimhamdi.net/lina/demos/images/styleswitcher/red.png]
[slimhamdi.net/lina/demos/images/styleswitcher/blueviolet.png]
[slimhamdi.net/lina/demos/images/styleswitcher/blue.png]
[slimhamdi.net/lina/demos/images/styleswitcher/goldenrod.png]
[slimhamdi.net/lina/demos/images/styleswitcher/magenta.png]
[slimhamdi.net/lina/demos/images/styleswitcher/yellowgreen.png]
[slimhamdi.net/lina/demos/images/styleswitcher/orange.png]
[slimhamdi.net/lina/demos/images/styleswitcher/green.png]
[slimhamdi.net/lina/demos/images/styleswitcher/yellow.png]
[slimhamdi.net/lina/demos/images/woman-about.jpg]
[slimhamdi.net/lina/demos/blog-dark.html]
[slimhamdi.net/lina/demos/images/close-button.png]
[slimhamdi.net/lina/demos/images/projects/project-1.jpg]
[slimhamdi.net/lina/demos/images/projects/project-2.jpg]
[slimhamdi.net/lina/demos/images/projects/project-3.jpg]
[slimhamdi.net/lina/demos/images/projects/project-4.jpg]
[slimhamdi.net/lina/demos/images/projects/project-5.jpg]
[slimhamdi.net/lina/demos/images/projects/project-6.jpg]
[slimhamdi.net/lina/demos/images/projects/project-7.jpg]
[slimhamdi.net/lina/demos/images/projects/project-8.jpg]
[slimhamdi.net/lina/demos/images/projects/video/video-poster.png]
[slimhamdi.net/lina/demos/js/jquery.animatedheadline.js]
[slimhamdi.net/lina/demos/js/boxlayout.js]
[slimhamdi.net/lina/demos/js/jquery-2.2.4.min.js]
[slimhamdi.net/lina/demos/js/jquery.hoverdir.js]
[slimhamdi.net/lina/demos/js/custom.js]
[slimhamdi.net/lina/demos/index-dark.html]
[slimhamdi.net/lina/demos/js/styleswitcher.js]
[slimhamdi.net/lina/demos/fonts/fontawesome-webfont3e6e.eot]
[slimhamdi.net/lina/demos/fonts/fontawesome-webfontd41d.eot]
[slimhamdi.net/lina/demos/js/materialize.min.js]
[slimhamdi.net/lina/demos/fonts/fontawesome-webfont3e6e.woff]
[slimhamdi.net/lina/demos/fonts/fontawesome-webfont3e6e.ttf]
[slimhamdi.net/lina/demos/css/font-awesome.min.css]
[slimhamdi.net/lina/demos/css/jquery.animatedheadline.css]
[slimhamdi.net/lina/demos/css/materialize.min.css]
[slimhamdi.net/lina/demos/images/men.jpg]
[slimhamdi.net/lina/demos/fonts/fontawesome-webfont3e6e.svg]
[slimhamdi.net/lina/demos/images/woman.jpg]
[slimhamdi.net/lina/demos/css/style.css]
[slimhamdi.net/lina/demos/images/separators/yellow.png]
[slimhamdi.net/lina/demos/css/skins/yellow.css]
[slimhamdi.net/lina/demos/images/separators/blue.png]
[slimhamdi.net/lina/demos/css/skins/blue.css]
[slimhamdi.net/lina/demos/images/separators/blueviolet.png]
[slimhamdi.net/lina/demos/css/skins/blueviolet.css]
[slimhamdi.net/lina/demos/images/separators/goldenrod.png]
[slimhamdi.net/lina/demos/css/skins/goldrenrod.css]
[slimhamdi.net/lina/demos/images/separators/green.png]
[slimhamdi.net/lina/demos/css/skins/green.css]
[slimhamdi.net/lina/demos/images/separators/magenta.png]
[slimhamdi.net/lina/demos/css/skins/magenta.css]
[slimhamdi.net/lina/demos/images/separators/orange.png]
[slimhamdi.net/lina/demos/css/skins/orange.css]
[slimhamdi.net/lina/demos/images/separators/purple.png]
[slimhamdi.net/lina/demos/css/skins/purple.css]
[slimhamdi.net/lina/demos/images/separators/red.png]
[slimhamdi.net/lina/demos/css/skins/red.css]
[slimhamdi.net/lina/demos/images/separators/yellowgreen.png]
[slimhamdi.net/lina/demos/css/skins/yellowgreen.css]
[slimhamdi.net/lina/demos/css/styleswitcher.css]
[slimhamdi.net/lina/demos/blog-post-dark.html]
[slimhamdi.net/lina/demos/images/blog/blog-post-1.jpg]
[slimhamdi.net/lina/demos/images/blog/blog-post-2.jpg]
[slimhamdi.net/lina/demos/images/blog/blog-post-3.jpg]
[slimhamdi.net/lina/demos/images/blog/blog-post-small-1.jpg]
[slimhamdi.net/lina/demos/images/blog/blog-post-small-2.jpg]
[slimhamdi.net/lina/demos/images/blog/blog-post-small-3.jpg]
[slimhamdi.net/lina/demos/blog-dark.html]
[slimhamdi.net/lina/demos/fonts/fontawesome-webfont3e6e.html]
[slimhamdi.net/lina/demos/fonts/fontawesome-webfont3e6e.svg]
[slimhamdi.net/lina/demos/images/blog/user1.jpg]
[slimhamdi.net/lina/demos/images/blog/user2.jpg]
[slimhamdi.net/lina/demos/images/blog/user3.jpg]
[slimhamdi.net/lina/demos/blog-post-dark.html]
[slimhamdi.net/lina/demos/images/separator2.html]
